
> weride-discovery-workspace@1.0.0 test:rules
> firebase emulators:exec --only firestore --project demo-weride 'node --test --test-concurrency=1 tests/firestore.rules.test.mjs tests/pic.rules.test.mjs'

i  emulators: Starting emulators: firestore
i  emulators: Detected demo project ID "demo-weride", emulated services will use a demo configuration and attempts to access non-emulated services for this project will fail.
i  firestore: Firestore Emulator logging to firestore-debug.log
✔  firestore: Firestore Emulator UI websocket is running on 9150.
i  Running script: node --test --test-concurrency=1 tests/firestore.rules.test.mjs tests/pic.rules.test.mjs
[2026-09-29T08:52:03.018Z]  @firebase/firestore: Firestore (12.19.0): GrpcConnection RPC 'Write' stream 0x7d4e14ee error. Code: 7 Message: 7 PERMISSION_DENIED: 
false for 'create' @ L144, false for 'create' @ L171, false for 'update' @ L147, false for 'update' @ L171
✔ anonymous users cannot read or write private workspace data (1168.93625ms)
[2026-09-29T08:52:03.079Z]  @firebase/firestore: Firestore (12.19.0): GrpcConnection RPC 'Write' stream 0x7d4e14f1 error. Code: 7 Message: 7 PERMISSION_DENIED: 
false for 'create' @ L144, false for 'create' @ L171, false for 'update' @ L147, false for 'update' @ L171
✔ foreign domain is rejected by server rules (60.336292ms)
[2026-09-29T08:52:03.128Z]  @firebase/firestore: Firestore (12.19.0): GrpcConnection RPC 'Write' stream 0x7d4e14f4 error. Code: 7 Message: 7 PERMISSION_DENIED: 
false for 'create' @ L144, false for 'create' @ L171, false for 'update' @ L147, false for 'update' @ L171
✔ missing email is rejected by server rules (48.264084ms)
[2026-09-29T08:52:03.171Z]  @firebase/firestore: Firestore (12.19.0): GrpcConnection RPC 'Write' stream 0x7d4e14f7 error. Code: 7 Message: 7 PERMISSION_DENIED: 
false for 'create' @ L144, false for 'create' @ L171, false for 'update' @ L147, false for 'update' @ L171
✔ subdomain is rejected by server rules (43.4125ms)
[2026-09-29T08:52:03.263Z]  @firebase/firestore: Firestore (12.19.0): GrpcConnection RPC 'Write' stream 0x7d4e14fa error. Code: 7 Message: 7 PERMISSION_DENIED: 
Property sign_in_provider is undefined on object. for 'create' @ L144, false for 'create' @ L171, Property sign_in_provider is undefined on object. for 'update' @ L147, false for 'update' @ L171, Property sign_in_provider is undefined on object. for 'create' @ L144, false for 'create' @ L171
✔ missing provider is rejected by server rules (91.388584ms)
[2026-09-29T08:52:03.307Z]  @firebase/firestore: Firestore (12.19.0): GrpcConnection RPC 'Write' stream 0x7d4e14fd error. Code: 7 Message: 7 PERMISSION_DENIED: 
false for 'create' @ L144, false for 'create' @ L171, false for 'update' @ L147, false for 'update' @ L171
✔ custom provider is rejected by server rules (44.434584ms)
[2026-09-29T08:52:03.348Z]  @firebase/firestore: Firestore (12.19.0): GrpcConnection RPC 'Write' stream 0x7d4e1500 error. Code: 7 Message: 7 PERMISSION_DENIED: 
false for 'create' @ L144, false for 'create' @ L171, false for 'update' @ L147, false for 'update' @ L171
✔ suffix attack is rejected by server rules (40.580875ms)
[2026-09-29T08:52:03.390Z]  @firebase/firestore: Firestore (12.19.0): GrpcConnection RPC 'Write' stream 0x7d4e1503 error. Code: 7 Message: 7 PERMISSION_DENIED: 
false for 'create' @ L144, false for 'create' @ L171, false for 'update' @ L147, false for 'update' @ L171
✔ password provider is rejected by server rules (42.841375ms)
[2026-09-29T08:52:03.431Z]  @firebase/firestore: Firestore (12.19.0): GrpcConnection RPC 'Write' stream 0x7d4e1506 error. Code: 7 Message: 7 PERMISSION_DENIED: 
false for 'create' @ L144, false for 'create' @ L171, false for 'update' @ L147, false for 'update' @ L171
✔ Google provider is rejected by server rules (40.436167ms)
[2026-09-29T08:52:03.508Z]  @firebase/firestore: Firestore (12.19.0): GrpcConnection RPC 'Write' stream 0x7d4e1509 error. Code: 7 Message: 7 PERMISSION_DENIED: 
false for 'update' @ L121, false for 'update' @ L171
[2026-09-29T08:52:03.516Z]  @firebase/firestore: Firestore (12.19.0): GrpcConnection RPC 'Write' stream 0x7d4e150a error. Code: 7 Message: 7 PERMISSION_DENIED: 
false for 'create' @ L139, false for 'create' @ L171, false for 'update' @ L139, false for 'update' @ L171
[2026-09-29T08:52:03.524Z]  @firebase/firestore: Firestore (12.19.0): GrpcConnection RPC 'Write' stream 0x7d4e150b error. Code: 7 Message: 7 PERMISSION_DENIED: 
false for 'delete' @ L139, false for 'delete' @ L171
✔ Microsoft domain member can read baseline, never modify it (92.937833ms)
✔ mixed-case exact domain is accepted (29.875ms)
[2026-09-29T08:52:03.619Z]  @firebase/firestore: Firestore (12.19.0): GrpcConnection RPC 'Write' stream 0x7d4e150f error. Code: 7 Message: 7 PERMISSION_DENIED: 
evaluation error at L147:26 for 'update' @ L147, false for 'update' @ L171, false for 'update' @ L147, false for 'update' @ L171
[2026-09-29T08:52:03.628Z]  @firebase/firestore: Firestore (12.19.0): GrpcConnection RPC 'Write' stream 0x7d4e1510 error. Code: 7 Message: 7 PERMISSION_DENIED: 
evaluation error at L147:26 for 'update' @ L147, false for 'update' @ L171, false for 'update' @ L147, false for 'update' @ L171
✔ team CRUD uses server timestamps, immutable provenance and version increments (79.84325ms)
[2026-09-29T08:52:03.668Z]  @firebase/firestore: Firestore (12.19.0): GrpcConnection RPC 'Write' stream 0x7d4e1513 error. Code: 7 Message: 7 PERMISSION_DENIED: 
evaluation error at L144:26 for 'create' @ L144, false for 'create' @ L171, evaluation error at L147:26 for 'update' @ L147, false for 'update' @ L171, false for 'create' @ L144, false for 'create' @ L171
[2026-09-29T08:52:03.683Z]  @firebase/firestore: Firestore (12.19.0): GrpcConnection RPC 'Write' stream 0x7d4e1514 error. Code: 7 Message: 7 PERMISSION_DENIED: 
evaluation error at L144:26 for 'create' @ L144, false for 'create' @ L171, evaluation error at L147:26 for 'update' @ L147, false for 'update' @ L171, false for 'create' @ L144, false for 'create' @ L171
[2026-09-29T08:52:03.696Z]  @firebase/firestore: Firestore (12.19.0): GrpcConnection RPC 'Write' stream 0x7d4e1515 error. Code: 7 Message: 7 PERMISSION_DENIED: 
evaluation error at L144:26 for 'create' @ L144, false for 'create' @ L171, evaluation error at L147:26 for 'update' @ L147, false for 'update' @ L171, false for 'create' @ L144, false for 'create' @ L171
[2026-09-29T08:52:03.710Z]  @firebase/firestore: Firestore (12.19.0): GrpcConnection RPC 'Write' stream 0x7d4e1516 error. Code: 7 Message: 7 PERMISSION_DENIED: 
evaluation error at L144:26 for 'create' @ L144, false for 'create' @ L171, evaluation error at L147:26 for 'update' @ L147, false for 'update' @ L171, false for 'create' @ L144, false for 'create' @ L171
[2026-09-29T08:52:03.724Z]  @firebase/firestore: Firestore (12.19.0): GrpcConnection RPC 'Write' stream 0x7d4e1517 error. Code: 7 Message: 7 PERMISSION_DENIED: 
evaluation error at L144:26 for 'create' @ L144, false for 'create' @ L171, evaluation error at L147:26 for 'update' @ L147, false for 'update' @ L171, false for 'create' @ L144, false for 'create' @ L171
[2026-09-29T08:52:03.740Z]  @firebase/firestore: Firestore (12.19.0): GrpcConnection RPC 'Write' stream 0x7d4e1518 error. Code: 7 Message: 7 PERMISSION_DENIED: 
evaluation error at L144:26 for 'create' @ L144, false for 'create' @ L171, evaluation error at L147:26 for 'update' @ L147, false for 'update' @ L171, false for 'create' @ L144, false for 'create' @ L171
[2026-09-29T08:52:03.750Z]  @firebase/firestore: Firestore (12.19.0): GrpcConnection RPC 'Write' stream 0x7d4e1519 error. Code: 7 Message: 7 PERMISSION_DENIED: 
evaluation error at L144:26 for 'create' @ L144, false for 'create' @ L171, evaluation error at L147:26 for 'update' @ L147, false for 'update' @ L171, false for 'create' @ L144, false for 'create' @ L171
[2026-09-29T08:52:03.759Z]  @firebase/firestore: Firestore (12.19.0): GrpcConnection RPC 'Write' stream 0x7d4e151a error. Code: 7 Message: 7 PERMISSION_DENIED: 
evaluation error at L144:26 for 'create' @ L144, false for 'create' @ L171, evaluation error at L147:26 for 'update' @ L147, false for 'update' @ L171, false for 'create' @ L144, false for 'create' @ L171
[2026-09-29T08:52:03.772Z]  @firebase/firestore: Firestore (12.19.0): GrpcConnection RPC 'Write' stream 0x7d4e151b error. Code: 7 Message: 7 PERMISSION_DENIED: 
evaluation error at L144:26 for 'create' @ L144, false for 'create' @ L171, evaluation error at L147:26 for 'update' @ L147, false for 'update' @ L171, false for 'create' @ L144, false for 'create' @ L171
✔ client cannot spoof actors, seed origin, arbitrary keys or unknown requirement (138.489458ms)
[2026-09-29T08:52:03.810Z]  @firebase/firestore: Firestore (12.19.0): GrpcConnection RPC 'Write' stream 0x7d4e151d error. Code: 7 Message: 7 PERMISSION_DENIED: 
evaluation error at L144:26 for 'create' @ L144, false for 'create' @ L171, evaluation error at L147:26 for 'update' @ L147, false for 'update' @ L171, false for 'create' @ L144, false for 'create' @ L171
✔ question status needs an answer (46.12075ms)
[2026-09-29T08:52:03.854Z]  @firebase/firestore: Firestore (12.19.0): GrpcConnection RPC 'Write' stream 0x7d4e1520 error. Code: 7 Message: 7 PERMISSION_DENIED: 
evaluation error at L144:26 for 'create' @ L144, false for 'create' @ L171, evaluation error at L147:26 for 'update' @ L147, false for 'update' @ L171, false for 'create' @ L144, false for 'create' @ L171
[2026-09-29T08:52:03.862Z]  @firebase/firestore: Firestore (12.19.0): GrpcConnection RPC 'Write' stream 0x7d4e1521 error. Code: 7 Message: 7 PERMISSION_DENIED: 
evaluation error at L144:26 for 'create' @ L144, false for 'create' @ L171, evaluation error at L147:26 for 'update' @ L147, false for 'update' @ L171, false for 'create' @ L144, false for 'create' @ L171
[2026-09-29T08:52:03.874Z]  @firebase/firestore: Firestore (12.19.0): GrpcConnection RPC 'Write' stream 0x7d4e1522 error. Code: 7 Message: 7 PERMISSION_DENIED: 
evaluation error at L147:26 for 'update' @ L147, false for 'update' @ L171, false for 'update' @ L147, false for 'update' @ L171
✔ nested breakdowns cannot point at another requirement or another kind (67.409958ms)
[2026-09-29T08:52:03.916Z]  @firebase/firestore: Firestore (12.19.0): GrpcConnection RPC 'Write' stream 0x7d4e1526 error. Code: 7 Message: 7 PERMISSION_DENIED: 
evaluation error at L144:26 for 'create' @ L144, false for 'create' @ L171, evaluation error at L147:26 for 'update' @ L147, false for 'update' @ L171, false for 'create' @ L144, false for 'create' @ L171
✔ assumptions support CRUD and reject invalid status (43.823708ms)
[2026-09-29T08:52:03.958Z]  @firebase/firestore: Firestore (12.19.0): GrpcConnection RPC 'Write' stream 0x7d4e1529 error. Code: 7 Message: 7 PERMISSION_DENIED: 
evaluation error at L155:26 for 'create' @ L155, false for 'create' @ L171, evaluation error at L156:26 for 'update' @ L156, false for 'update' @ L171, false for 'create' @ L155, false for 'create' @ L171
[2026-09-29T08:52:03.965Z]  @firebase/firestore: Firestore (12.19.0): GrpcConnection RPC 'Write' stream 0x7d4e152a error. Code: 7 Message: 7 PERMISSION_DENIED: 
evaluation error at L155:26 for 'create' @ L155, false for 'create' @ L171, evaluation error at L156:26 for 'update' @ L156, false for 'update' @ L171, false for 'create' @ L155, false for 'create' @ L171
[2026-09-29T08:52:03.970Z]  @firebase/firestore: Firestore (12.19.0): GrpcConnection RPC 'Write' stream 0x7d4e152b error. Code: 7 Message: 7 PERMISSION_DENIED: 
evaluation error at L155:26 for 'create' @ L155, false for 'create' @ L171, evaluation error at L156:26 for 'update' @ L156, false for 'update' @ L171, false for 'create' @ L155, false for 'create' @ L171
[2026-09-29T08:52:03.977Z]  @firebase/firestore: Firestore (12.19.0): GrpcConnection RPC 'Write' stream 0x7d4e152c error. Code: 7 Message: 7 PERMISSION_DENIED: 
evaluation error at L155:26 for 'create' @ L155, false for 'create' @ L171, evaluation error at L156:26 for 'update' @ L156, false for 'update' @ L171, false for 'create' @ L155, false for 'create' @ L171
[2026-09-29T08:52:03.987Z]  @firebase/firestore: Firestore (12.19.0): GrpcConnection RPC 'Write' stream 0x7d4e152d error. Code: 7 Message: 7 PERMISSION_DENIED: 
false for 'delete' @ L157, false for 'delete' @ L171
✔ CU and RD metadata are mandatory and estimates bounded (56.922125ms)
[2026-09-29T08:52:04.015Z]  @firebase/firestore: Firestore (12.19.0): GrpcConnection RPC 'Write' stream 0x7d4e152f error. Code: 7 Message: 7 PERMISSION_DENIED: 
evaluation error at L163:26 for 'create' @ L163, false for 'create' @ L171, false for 'update' @ L164, false for 'update' @ L171, false for 'create' @ L163, false for 'create' @ L171
[2026-09-29T08:52:04.022Z]  @firebase/firestore: Firestore (12.19.0): GrpcConnection RPC 'Write' stream 0x7d4e1530 error. Code: 7 Message: 7 PERMISSION_DENIED: 
false for 'update' @ L164, false for 'update' @ L171
[2026-09-29T08:52:04.025Z]  @firebase/firestore: Firestore (12.19.0): GrpcConnection RPC 'Write' stream 0x7d4e1531 error. Code: 7 Message: 7 PERMISSION_DENIED: 
false for 'delete' @ L164, false for 'delete' @ L171
✔ activity is append-only and actor-bound (38.243458ms)
✔ entry plus activity transaction succeeds atomically (52.381375ms)
[2026-09-29T08:52:04.192Z]  @firebase/firestore: Firestore (12.19.0): GrpcConnection RPC 'Write' stream 0x7d4e1537 error. Code: 7 Message: 7 PERMISSION_DENIED: 
false for 'create' @ L171, false for 'update' @ L171
✔ unrelated paths remain denied for members (114.881084ms)
[2026-09-29T08:52:04.274Z]  @firebase/firestore: Firestore (12.19.0): GrpcConnection RPC 'Write' stream 0x7d4e153a error. Code: 7 Message: 7 PERMISSION_DENIED: 
false for 'update' @ L121, false for 'update' @ L171
✔ Microsoft SSO reads and CRUD succeed with email verification true (81.569333ms)
[2026-09-29T08:52:04.334Z]  @firebase/firestore: Firestore (12.19.0): GrpcConnection RPC 'Write' stream 0x7d4e153d error. Code: 7 Message: 7 PERMISSION_DENIED: 
false for 'update' @ L121, false for 'update' @ L171
✔ Microsoft SSO reads and CRUD succeed with email verification false (59.770208ms)
[2026-09-29T08:52:04.376Z]  @firebase/firestore: Firestore (12.19.0): GrpcConnection RPC 'Write' stream 0x7d4e1540 error. Code: 7 Message: 7 PERMISSION_DENIED: 
false for 'update' @ L121, false for 'update' @ L171
✔ Microsoft SSO reads and CRUD succeed with email verification absent (42.054458ms)
[2026-09-29T08:52:04.422Z]  @firebase/firestore: Firestore (12.19.0): GrpcConnection RPC 'Write' stream 0x7d4e1544 error. Code: 7 Message: 7 PERMISSION_DENIED: 
false for 'create' @ L141, false for 'create' @ L171, false for 'update' @ L141, false for 'update' @ L171
✔ review context is readable only by Microsoft members and immutable to clients (45.580542ms)
[2026-09-29T08:52:04.446Z]  @firebase/firestore: Firestore (12.19.0): GrpcConnection RPC 'Write' stream 0x7d4e1547 error. Code: 7 Message: 7 PERMISSION_DENIED: 
false for 'create' @ L168, false for 'create' @ L171, false for 'update' @ L168, false for 'update' @ L171
[2026-09-29T08:52:04.459Z]  @firebase/firestore: Firestore (12.19.0): GrpcConnection RPC 'Write' stream 0x7d4e1549 error. Code: 7 Message: 7 PERMISSION_DENIED: 
false for 'create' @ L168, false for 'create' @ L171, false for 'update' @ L168, false for 'update' @ L171
✔ server-only review storage is closed: reviewShares/private-token-hash (37.173334ms)
[2026-09-29T08:52:04.482Z]  @firebase/firestore: Firestore (12.19.0): GrpcConnection RPC 'Write' stream 0x7d4e154c error. Code: 7 Message: 7 PERMISSION_DENIED: 
false for 'create' @ L169, false for 'create' @ L171, false for 'update' @ L169, false for 'update' @ L171
[2026-09-29T08:52:04.502Z]  @firebase/firestore: Firestore (12.19.0): GrpcConnection RPC 'Write' stream 0x7d4e154e error. Code: 7 Message: 7 PERMISSION_DENIED: 
false for 'create' @ L169, false for 'create' @ L171, false for 'update' @ L169, false for 'update' @ L171
✔ server-only review storage is closed: reviewShareOwners/reviewer/links/private-link (43.177042ms)
[2026-09-29T08:52:04.528Z]  @firebase/firestore: Firestore (12.19.0): GrpcConnection RPC 'Write' stream 0x7d4e1551 error. Code: 7 Message: 7 PERMISSION_DENIED: 
false for 'create' @ L170, false for 'create' @ L171, false for 'update' @ L170, false for 'update' @ L171
[2026-09-29T08:52:04.542Z]  @firebase/firestore: Firestore (12.19.0): GrpcConnection RPC 'Write' stream 0x7d4e1553 error. Code: 7 Message: 7 PERMISSION_DENIED: 
false for 'create' @ L170, false for 'create' @ L171, false for 'update' @ L170, false for 'update' @ L171
✔ server-only review storage is closed: reviewShareLimits/reviewer-2026-09-29 (39.262416ms)
[2026-09-29T08:52:04.577Z]  @firebase/firestore: Firestore (12.19.0): GrpcConnection RPC 'Write' stream 0x7d4e1556 error. Code: 7 Message: 7 PERMISSION_DENIED: 
false for 'create' @ L144, false for 'create' @ L171, false for 'update' @ L147, false for 'update' @ L171
✔ 24-hour policy denies expired across private paths (35.683917ms)
[2026-09-29T08:52:04.621Z]  @firebase/firestore: Firestore (12.19.0): GrpcConnection RPC 'Write' stream 0x7d4e1559 error. Code: 7 Message: 7 PERMISSION_DENIED: 
false for 'create' @ L144, false for 'create' @ L171, false for 'update' @ L147, false for 'update' @ L171
✔ 24-hour policy denies older than one day across private paths (43.923834ms)
[2026-09-29T08:52:04.657Z]  @firebase/firestore: Firestore (12.19.0): GrpcConnection RPC 'Write' stream 0x7d4e155c error. Code: 7 Message: 7 PERMISSION_DENIED: 
false for 'create' @ L144, false for 'create' @ L171, false for 'update' @ L147, false for 'update' @ L171
✔ 24-hour policy denies future login across private paths (35.790667ms)
[2026-09-29T08:52:04.693Z]  @firebase/firestore: Firestore (12.19.0): GrpcConnection RPC 'Write' stream 0x7d4e155f error. Code: 7 Message: 7 PERMISSION_DENIED: 
false for 'create' @ L144, false for 'create' @ L171, false for 'update' @ L147, false for 'update' @ L171
✔ 24-hour policy denies null auth_time across private paths (36.347667ms)
[2026-09-29T08:52:04.728Z]  @firebase/firestore: Firestore (12.19.0): GrpcConnection RPC 'Write' stream 0x7d4e1562 error. Code: 7 Message: 7 PERMISSION_DENIED: 
false for 'create' @ L144, false for 'create' @ L171, false for 'update' @ L147, false for 'update' @ L171
✔ 24-hour policy denies string auth_time across private paths (34.385875ms)
[2026-09-29T08:52:04.771Z]  @firebase/firestore: Firestore (12.19.0): GrpcConnection RPC 'Write' stream 0x7d4e1565 error. Code: 7 Message: 7 PERMISSION_DENIED: 
false for 'create' @ L144, false for 'create' @ L171, false for 'update' @ L147, false for 'update' @ L171
✔ 24-hour policy denies zero auth_time across private paths (43.61425ms)
✔ 23-hour Microsoft session can read and write without mailbox verification (30.9755ms)
[2026-09-29T08:52:05.281Z]  @firebase/firestore: Firestore (12.19.0): GrpcConnection RPC 'Write' stream 0x8ecdcddf error. Code: 7 Message: 7 PERMISSION_DENIED: 
false for 'create' @ L125, false for 'create' @ L171, false for 'update' @ L127, false for 'update' @ L171
[2026-09-29T08:52:05.288Z]  @firebase/firestore: Firestore (12.19.0): GrpcConnection RPC 'Write' stream 0x8ecdcde0 error. Code: 7 Message: 7 PERMISSION_DENIED: 
evaluation error at L127:26 for 'update' @ L127, false for 'update' @ L171, false for 'update' @ L127, false for 'update' @ L171
✔ a real signed identity can register only its own matching Microsoft profile (230.908958ms)
[2026-09-29T08:52:05.329Z]  @firebase/firestore: Firestore (12.19.0): GrpcConnection RPC 'Write' stream 0x8ecdcde2 error. Code: 7 Message: 7 PERMISSION_DENIED: 
evaluation error at L127:26 for 'update' @ L127, false for 'update' @ L171, false for 'update' @ L127, false for 'update' @ L171
[2026-09-29T08:52:05.334Z]  @firebase/firestore: Firestore (12.19.0): GrpcConnection RPC 'Write' stream 0x8ecdcde3 error. Code: 7 Message: 7 PERMISSION_DENIED: 
evaluation error at L127:26 for 'update' @ L127, false for 'update' @ L171, false for 'update' @ L127, false for 'update' @ L171
[2026-09-29T08:52:05.338Z]  @firebase/firestore: Firestore (12.19.0): GrpcConnection RPC 'Write' stream 0x8ecdcde4 error. Code: 7 Message: 7 PERMISSION_DENIED: 
evaluation error at L127:26 for 'update' @ L127, false for 'update' @ L171, false for 'update' @ L127, false for 'update' @ L171
[2026-09-29T08:52:05.342Z]  @firebase/firestore: Firestore (12.19.0): GrpcConnection RPC 'Write' stream 0x8ecdcde5 error. Code: 7 Message: 7 PERMISSION_DENIED: 
evaluation error at L127:26 for 'update' @ L127, false for 'update' @ L171, false for 'update' @ L127, false for 'update' @ L171
[2026-09-29T08:52:05.345Z]  @firebase/firestore: Firestore (12.19.0): GrpcConnection RPC 'Write' stream 0x8ecdcde6 error. Code: 7 Message: 7 PERMISSION_DENIED: 
false for 'update' @ L127, false for 'update' @ L171
[2026-09-29T08:52:05.358Z]  @firebase/firestore: Firestore (12.19.0): GrpcConnection RPC 'Write' stream 0x8ecdcde7 error. Code: 7 Message: 7 PERMISSION_DENIED: 
evaluation error at L127:26 for 'update' @ L127, false for 'update' @ L171, false for 'update' @ L127, false for 'update' @ L171
[2026-09-29T08:52:05.361Z]  @firebase/firestore: Firestore (12.19.0): GrpcConnection RPC 'Write' stream 0x8ecdcde8 error. Code: 7 Message: 7 PERMISSION_DENIED: 
false for 'delete' @ L129, false for 'delete' @ L171
✔ members may refresh their own display name but cannot grant roles, disable others or reactivate accounts (72.651292ms)
✔ anonymous cannot read the directory or assignments (34.696167ms)
✔ wrong domain cannot read the directory or assignments (34.955833ms)
✔ wrong provider cannot read the directory or assignments (31.721875ms)
✔ PIC assignment, reassign and unassign are versioned and preserve the source (68.803875ms)
✔ rejects ineligible assignee missing (31.138875ms)
✔ rejects ineligible assignee inactive (32.291625ms)
✔ rejects ineligible assignee foreign (36.497459ms)
✔ rejects ineligible assignee otherprovider (30.710542ms)
[2026-09-29T08:52:05.689Z]  @firebase/firestore: Firestore (12.19.0): GrpcConnection RPC 'Write' stream 0x8ecdce04 error. Code: 7 Message: 7 PERMISSION_DENIED: 
evaluation error at L134:26 for 'create' @ L134, false for 'create' @ L171, evaluation error at L135:26 for 'update' @ L135, false for 'update' @ L171, Null value error. for 'create' @ L134, false for 'create' @ L171
✔ cannot write an assignment without its atomic history event (26.246917ms)
[2026-09-29T08:52:05.761Z]  @firebase/firestore: Firestore (12.19.0): GrpcConnection RPC 'Write' stream 0x8ecdce12 error. Code: 7 Message: 7 PERMISSION_DENIED: 
false for 'delete' @ L137, false for 'delete' @ L171
[2026-09-29T08:52:05.763Z]  @firebase/firestore: Firestore (12.19.0): GrpcConnection RPC 'Write' stream 0x8ecdce13 error. Code: 7 Message: 7 PERMISSION_DENIED: 
false for 'update' @ L139, false for 'update' @ L171
✔ stale versions, forged actors, invented fields and source IDs are rejected (73.73825ms)
✔ audit snapshots and actions must reflect the actual assignment change (61.422708ms)
ℹ tests 47
ℹ suites 0
ℹ pass 47
ℹ fail 0
ℹ cancelled 0
ℹ skipped 0
ℹ todo 0
ℹ duration_ms 4207.525083
✔  Script exited successfully (code 0)
i  emulators: Shutting down emulators.
i  firestore: Stopping Firestore Emulator
i  hub: Stopping emulator hub
i  logging: Stopping Logging Emulator

> weride-discovery-workspace@1.0.0 test:review-integration
> firebase emulators:exec --only firestore --project demo-weride 'npm --prefix functions run test:integration'

i  emulators: Starting emulators: firestore
i  emulators: Detected demo project ID "demo-weride", emulated services will use a demo configuration and attempts to access non-emulated services for this project will fail.
i  firestore: Firestore Emulator logging to firestore-debug.log
✔  firestore: Firestore Emulator UI websocket is running on 9150.
i  Running script: npm --prefix functions run test:integration

> test:integration
> npm run build && node --test tests/repository.integration.mjs


> build
> tsc

✔ transactional capture includes source and context without writing baseline (907.946958ms)
✔ create is idempotent and private owner metadata is scoped by UID (76.082459ms)
✔ revoke denies other owners and physically removes the shared snapshot (61.169541ms)
✔ same request ID cannot replace a previously captured snapshot (39.388375ms)
✔ daily creation cap is enforced transactionally (41.666917ms)
ℹ tests 5
ℹ suites 0
ℹ pass 5
ℹ fail 0
ℹ cancelled 0
ℹ skipped 0
ℹ todo 0
ℹ duration_ms 3977.483083
✔  Script exited successfully (code 0)
i  emulators: Shutting down emulators.
i  firestore: Stopping Firestore Emulator
i  hub: Stopping emulator hub
i  logging: Stopping Logging Emulator

> weride-discovery-workspace@1.0.0 test:e2e
> playwright test


Running 29 tests using 1 worker

  ✓   1 [chromium] › tests/auth-direct-sso.spec.ts:36:38 › Microsoft SSO enters workspace directly with emailVerified=false (650ms)
  ✓   2 [chromium] › tests/auth-direct-sso.spec.ts:36:38 › Microsoft SSO enters workspace directly with emailVerified=true (487ms)
  ✓   3 [chromium] › tests/auth-direct-sso.spec.ts:57:3 › rejects member@outside.dev / microsoft.com with a specific reason (212ms)
  ✓   4 [chromium] › tests/auth-direct-sso.spec.ts:57:3 › rejects member@madison.dev / google.com with a specific reason (198ms)
  ✓   5 [chromium] › tests/auth-direct-sso.spec.ts:57:3 › rejects member@madison.dev / password with a specific reason (195ms)
  ✓   6 [chromium] › tests/auth-direct-sso.spec.ts:57:3 › rejects member@madison.dev / custom with a specific reason (197ms)
  ✓   7 [chromium] › tests/auth-direct-sso.spec.ts:57:3 › rejects member@madison.dev.evil.com / microsoft.com with a specific reason (196ms)
  ✓   8 [chromium] › tests/auth-direct-sso.spec.ts:57:3 › rejects member@sub.madison.dev / microsoft.com with a specific reason (181ms)
  ✓   9 [chromium] › tests/auth-direct-sso.spec.ts:64:1 › legacy tab session migrates to persistent storage and sign-out reaches other tabs (539ms)
  ✓  10 [chromium] › tests/auth-direct-sso.spec.ts:81:1 › an open page signs out at the 24-hour limit without extending on token refresh (251ms)
  ✓  11 [chromium] › tests/auth-direct-sso.spec.ts:89:1 › saved login survives an actual browser process restart on the same profile (717ms)
  ✓  12 [chromium] › tests/auth-direct-sso.spec.ts:109:1 › a sleeping page checks expiry when brought back into focus (234ms)
  ✓  13 [chromium] › tests/pic.spec.ts:3:1 › assign an existing PIC, persist, filter the matrix, export and remove with history (1.6s)
  ✓  14 [chromium] › tests/pic.spec.ts:19:1 › search, assign-to-me and cancel use actual preview account IDs (835ms)
  ✓  15 [chromium] › tests/pic.spec.ts:26:38 › toolbar alignment and PIC dialog on desktop/mobile: en (2.0s)
  ✓  16 [chromium] › tests/pic.spec.ts:26:38 › toolbar alignment and PIC dialog on desktop/mobile: vi (2.0s)
  ✓  17 [chromium] › tests/pic.spec.ts:26:38 › toolbar alignment and PIC dialog on desktop/mobile: sv (1.9s)
  ✓  18 [chromium] › tests/review-pack.spec.ts:4:1 › requirement action opens an exact, single-requirement review pack (1.2s)
  ✓  19 [chromium] › tests/review-pack.spec.ts:5:1 › matrix pack downloads all 30 requirements, defaults to English and excludes estimates (785ms)
  ✓  20 [chromium] › tests/review-pack.spec.ts:6:1 › module scope and item type selection update coverage without silent truncation (850ms)
  ✓  21 [chromium] › tests/review-pack.spec.ts:7:1 › translations, creator notes, redaction and mobile layout work (1.3s)
  ✓  22 [chromium] › tests/review-pack.spec.ts:8:1 › copy context succeeds without contacting a model or sharing service (682ms)
  ✓  23 [chromium] › tests/review-pack.spec.ts:9:1 › related context retains separate target and supporting scope (1.2s)
  ✓  24 [chromium] › tests/workspace.spec.ts:7:1 › overview, all 30 matrix rows, filtering and CSV export (962ms)
  ✓  25 [chromium] › tests/workspace.spec.ts:17:1 › Q&A create, translate, answer, edit, persist and delete (1.4s)
  ✓  26 [chromium] › tests/workspace.spec.ts:28:92 › breakdown supports nested create/edit/delete, preserving children (1.1s)
  ✓  27 [chromium] › tests/workspace.spec.ts:28:92 › assumption supports nested create/edit/delete, preserving children (1.0s)
  ✓  28 [chromium] › tests/workspace.spec.ts:35:1 › vendor response validates CU and persists the recorded estimate (699ms)
  ✓  29 [chromium] › tests/workspace.spec.ts:38:1 › mobile layout, system diagram, source notes and read-only production gate (834ms)

  29 passed (25.6s)
