
> weride-discovery-workspace@1.0.0 test:e2e
> playwright test


Running 38 tests using 1 worker

  ✓   1 [chromium] › tests/auth-direct-sso.spec.ts:36:38 › Microsoft SSO enters workspace directly with emailVerified=false (599ms)
  ✓   2 [chromium] › tests/auth-direct-sso.spec.ts:36:38 › Microsoft SSO enters workspace directly with emailVerified=true (487ms)
  ✓   3 [chromium] › tests/auth-direct-sso.spec.ts:57:3 › rejects member@outside.dev / microsoft.com with a specific reason (198ms)
  ✓   4 [chromium] › tests/auth-direct-sso.spec.ts:57:3 › rejects member@madison.dev / google.com with a specific reason (204ms)
  ✓   5 [chromium] › tests/auth-direct-sso.spec.ts:57:3 › rejects member@madison.dev / password with a specific reason (196ms)
  ✓   6 [chromium] › tests/auth-direct-sso.spec.ts:57:3 › rejects member@madison.dev / custom with a specific reason (198ms)
  ✓   7 [chromium] › tests/auth-direct-sso.spec.ts:57:3 › rejects member@madison.dev.evil.com / microsoft.com with a specific reason (197ms)
  ✓   8 [chromium] › tests/auth-direct-sso.spec.ts:57:3 › rejects member@sub.madison.dev / microsoft.com with a specific reason (196ms)
  ✓   9 [chromium] › tests/auth-direct-sso.spec.ts:64:1 › legacy tab session migrates to persistent storage and sign-out reaches other tabs (570ms)
  ✓  10 [chromium] › tests/auth-direct-sso.spec.ts:81:1 › an open page signs out at the 24-hour limit without extending on token refresh (293ms)
  ✓  11 [chromium] › tests/auth-direct-sso.spec.ts:89:1 › saved login survives an actual browser process restart on the same profile (667ms)
  ✓  12 [chromium] › tests/auth-direct-sso.spec.ts:109:1 › a sleeping page checks expiry when brought back into focus (234ms)
  ✓  13 [chromium] › tests/inline-qa.spec.ts:7:1 › only one accordion opens; keyboard, row and Q&A trigger work without navigation (802ms)
  ✓  14 [chromium] › tests/inline-qa.spec.ts:15:1 › own question create/edit/answer/delete, author, counts, reload and activity (1.5s)
  ✓  15 [chromium] › tests/inline-qa.spec.ts:25:1 › draft is retained when switching or filtering items; no silent publication (829ms)
  ✓  16 [chromium] › tests/inline-qa.spec.ts:30:1 › other members questions show the asker and never expose edit/delete, including full detail (684ms)
  ✓  17 [chromium] › tests/inline-qa.spec.ts:35:1 › system landscape provides live PIC, Q&A, discovery links and shared data with matrix (1.3s)
  ✓  18 [chromium] › tests/inline-qa.spec.ts:43:1 › system group CSV download respects selected group and filter (427ms)
  ✘  19 [chromium] › tests/inline-qa.spec.ts:46:38 › accordion, author, composer and system list layout in en (613ms)
  ✘  20 [chromium] › tests/inline-qa.spec.ts:46:38 › accordion, author, composer and system list layout in vi (630ms)
  ✘  21 [chromium] › tests/inline-qa.spec.ts:46:38 › accordion, author, composer and system list layout in sv (630ms)
  ✓  22 [chromium] › tests/pic.spec.ts:3:1 › assign an existing PIC, persist, filter the matrix, export and remove with history (1.6s)
  ✓  23 [chromium] › tests/pic.spec.ts:19:1 › search, assign-to-me and cancel use actual preview account IDs (756ms)
  ✓  24 [chromium] › tests/pic.spec.ts:26:38 › toolbar alignment and PIC dialog on desktop/mobile: en (2.1s)
  ✓  25 [chromium] › tests/pic.spec.ts:26:38 › toolbar alignment and PIC dialog on desktop/mobile: vi (2.1s)
  ✓  26 [chromium] › tests/pic.spec.ts:26:38 › toolbar alignment and PIC dialog on desktop/mobile: sv (2.1s)
  ✓  27 [chromium] › tests/review-pack.spec.ts:4:1 › requirement action opens an exact, single-requirement review pack (1.3s)
  ✓  28 [chromium] › tests/review-pack.spec.ts:5:1 › matrix pack downloads all 30 requirements, defaults to English and excludes estimates (738ms)
  ✓  29 [chromium] › tests/review-pack.spec.ts:6:1 › module scope and item type selection update coverage without silent truncation (851ms)
  ✓  30 [chromium] › tests/review-pack.spec.ts:7:1 › translations, creator notes, redaction and mobile layout work (1.3s)
  ✓  31 [chromium] › tests/review-pack.spec.ts:8:1 › copy context succeeds without contacting a model or sharing service (688ms)
  ✓  32 [chromium] › tests/review-pack.spec.ts:9:1 › related context retains separate target and supporting scope (709ms)
  ✓  33 [chromium] › tests/workspace.spec.ts:7:1 › overview, all 30 matrix rows, filtering and CSV export (935ms)
  ✓  34 [chromium] › tests/workspace.spec.ts:17:1 › Q&A create, translate, answer, edit, persist and delete (1.3s)
  ✓  35 [chromium] › tests/workspace.spec.ts:28:92 › breakdown supports nested create/edit/delete, preserving children (1.0s)
  ✓  36 [chromium] › tests/workspace.spec.ts:28:92 › assumption supports nested create/edit/delete, preserving children (1.0s)
  ✓  37 [chromium] › tests/workspace.spec.ts:35:1 › vendor response validates CU and persists the recorded estimate (683ms)
  ✓  38 [chromium] › tests/workspace.spec.ts:38:1 › mobile layout, system diagram, source notes and read-only production gate (858ms)


  1) [chromium] › tests/inline-qa.spec.ts:46:38 › accordion, author, composer and system list layout in en 

    Error: expect(received).toBeLessThanOrEqual(expected)

    Expected: <= 1024
    Received:    1117.8125

      46 | for(const locale of ['en','vi','sv'])test(`accordion, author, composer and system list layout in ${locale}`,async({page})=>{
      47 |   const errors:string[]=[];page.on('pageerror',e=>errors.push(e.message));await page.goto(matrix);await page.locator('.locale-switch select').selectOption(locale);await page.locator('tr[data-requirement-id="FN-BKG-01"] .requirement-expand').click();
    > 48 |   for(const width of [1440,1024,768,390,320]){await page.setViewportSize({width,height:1000});await expect(panel(page)).toBeVisible();expect(await page.evaluate(()=>document.documentElement.scrollWidth<=innerWidth)).toBe(true);const area=await page.locator('.inline-question-composer textarea').first().boundingBox();expect(area).not.toBeNull();expect(area!.x+area!.width).toBeLessThanOrEqual(width);}
         |                                                                                                                                                                                                                                                                                                                                                                                      ^
      49 |   await page.setViewportSize({width:1440,height:1100});await page.screenshot({path:`test-results/inline-qa-matrix-${locale}.png`,fullPage:false,animations:'disabled'});
      50 |   await page.setViewportSize({width:390,height:844});await panel(page).scrollIntoViewIfNeeded();await page.screenshot({path:`test-results/inline-qa-mobile-${locale}.png`,fullPage:false,animations:'disabled'});
      51 |   await page.goto(system);await page.locator('#system-requirements tr.requirement-summary-row').first().locator('.requirement-expand').click();expect(await page.evaluate(()=>document.documentElement.scrollWidth<=innerWidth)).toBe(true);
        at /Users/sonle/Desktop/weride/tests/inline-qa.spec.ts:48:374

    attachment #1: screenshot (image/png) ──────────────────────────────────────────────────────────
    test-results/inline-qa-accordion-author-39a32-nd-system-list-layout-in-en-chromium/test-failed-1.png
    ────────────────────────────────────────────────────────────────────────────────────────────────

    Error Context: test-results/inline-qa-accordion-author-39a32-nd-system-list-layout-in-en-chromium/error-context.md

    attachment #3: trace (application/zip) ─────────────────────────────────────────────────────────
    test-results/inline-qa-accordion-author-39a32-nd-system-list-layout-in-en-chromium/trace.zip
    Usage:

        npx playwright show-trace test-results/inline-qa-accordion-author-39a32-nd-system-list-layout-in-en-chromium/trace.zip

    ────────────────────────────────────────────────────────────────────────────────────────────────

  2) [chromium] › tests/inline-qa.spec.ts:46:38 › accordion, author, composer and system list layout in vi 

    Error: expect(received).toBeLessThanOrEqual(expected)

    Expected: <= 1024
    Received:    1140.203125

      46 | for(const locale of ['en','vi','sv'])test(`accordion, author, composer and system list layout in ${locale}`,async({page})=>{
      47 |   const errors:string[]=[];page.on('pageerror',e=>errors.push(e.message));await page.goto(matrix);await page.locator('.locale-switch select').selectOption(locale);await page.locator('tr[data-requirement-id="FN-BKG-01"] .requirement-expand').click();
    > 48 |   for(const width of [1440,1024,768,390,320]){await page.setViewportSize({width,height:1000});await expect(panel(page)).toBeVisible();expect(await page.evaluate(()=>document.documentElement.scrollWidth<=innerWidth)).toBe(true);const area=await page.locator('.inline-question-composer textarea').first().boundingBox();expect(area).not.toBeNull();expect(area!.x+area!.width).toBeLessThanOrEqual(width);}
         |                                                                                                                                                                                                                                                                                                                                                                                      ^
      49 |   await page.setViewportSize({width:1440,height:1100});await page.screenshot({path:`test-results/inline-qa-matrix-${locale}.png`,fullPage:false,animations:'disabled'});
      50 |   await page.setViewportSize({width:390,height:844});await panel(page).scrollIntoViewIfNeeded();await page.screenshot({path:`test-results/inline-qa-mobile-${locale}.png`,fullPage:false,animations:'disabled'});
      51 |   await page.goto(system);await page.locator('#system-requirements tr.requirement-summary-row').first().locator('.requirement-expand').click();expect(await page.evaluate(()=>document.documentElement.scrollWidth<=innerWidth)).toBe(true);
        at /Users/sonle/Desktop/weride/tests/inline-qa.spec.ts:48:374

    attachment #1: screenshot (image/png) ──────────────────────────────────────────────────────────
    test-results/inline-qa-accordion-author-03862-nd-system-list-layout-in-vi-chromium/test-failed-1.png
    ────────────────────────────────────────────────────────────────────────────────────────────────

    Error Context: test-results/inline-qa-accordion-author-03862-nd-system-list-layout-in-vi-chromium/error-context.md

    attachment #3: trace (application/zip) ─────────────────────────────────────────────────────────
    test-results/inline-qa-accordion-author-03862-nd-system-list-layout-in-vi-chromium/trace.zip
    Usage:

        npx playwright show-trace test-results/inline-qa-accordion-author-03862-nd-system-list-layout-in-vi-chromium/trace.zip

    ────────────────────────────────────────────────────────────────────────────────────────────────

  3) [chromium] › tests/inline-qa.spec.ts:46:38 › accordion, author, composer and system list layout in sv 

    Error: expect(received).toBeLessThanOrEqual(expected)

    Expected: <= 1024
    Received:    1118.40625

      46 | for(const locale of ['en','vi','sv'])test(`accordion, author, composer and system list layout in ${locale}`,async({page})=>{
      47 |   const errors:string[]=[];page.on('pageerror',e=>errors.push(e.message));await page.goto(matrix);await page.locator('.locale-switch select').selectOption(locale);await page.locator('tr[data-requirement-id="FN-BKG-01"] .requirement-expand').click();
    > 48 |   for(const width of [1440,1024,768,390,320]){await page.setViewportSize({width,height:1000});await expect(panel(page)).toBeVisible();expect(await page.evaluate(()=>document.documentElement.scrollWidth<=innerWidth)).toBe(true);const area=await page.locator('.inline-question-composer textarea').first().boundingBox();expect(area).not.toBeNull();expect(area!.x+area!.width).toBeLessThanOrEqual(width);}
         |                                                                                                                                                                                                                                                                                                                                                                                      ^
      49 |   await page.setViewportSize({width:1440,height:1100});await page.screenshot({path:`test-results/inline-qa-matrix-${locale}.png`,fullPage:false,animations:'disabled'});
      50 |   await page.setViewportSize({width:390,height:844});await panel(page).scrollIntoViewIfNeeded();await page.screenshot({path:`test-results/inline-qa-mobile-${locale}.png`,fullPage:false,animations:'disabled'});
      51 |   await page.goto(system);await page.locator('#system-requirements tr.requirement-summary-row').first().locator('.requirement-expand').click();expect(await page.evaluate(()=>document.documentElement.scrollWidth<=innerWidth)).toBe(true);
        at /Users/sonle/Desktop/weride/tests/inline-qa.spec.ts:48:374

    attachment #1: screenshot (image/png) ──────────────────────────────────────────────────────────
    test-results/inline-qa-accordion-author-792c3-nd-system-list-layout-in-sv-chromium/test-failed-1.png
    ────────────────────────────────────────────────────────────────────────────────────────────────

    Error Context: test-results/inline-qa-accordion-author-792c3-nd-system-list-layout-in-sv-chromium/error-context.md

    attachment #3: trace (application/zip) ─────────────────────────────────────────────────────────
    test-results/inline-qa-accordion-author-792c3-nd-system-list-layout-in-sv-chromium/trace.zip
    Usage:

        npx playwright show-trace test-results/inline-qa-accordion-author-792c3-nd-system-list-layout-in-sv-chromium/trace.zip

    ────────────────────────────────────────────────────────────────────────────────────────────────

  3 failed
    [chromium] › tests/inline-qa.spec.ts:46:38 › accordion, author, composer and system list layout in en 
    [chromium] › tests/inline-qa.spec.ts:46:38 › accordion, author, composer and system list layout in vi 
    [chromium] › tests/inline-qa.spec.ts:46:38 › accordion, author, composer and system list layout in sv 
  35 passed (34.0s)
