
> weride-discovery-workspace@1.0.0 test:e2e
> playwright test


Running 29 tests using 1 worker

  ✓   1 [chromium] › tests/auth-direct-sso.spec.ts:36:38 › Microsoft SSO enters workspace directly with emailVerified=false (725ms)
  ✓   2 [chromium] › tests/auth-direct-sso.spec.ts:36:38 › Microsoft SSO enters workspace directly with emailVerified=true (487ms)
  ✓   3 [chromium] › tests/auth-direct-sso.spec.ts:57:3 › rejects member@outside.dev / microsoft.com with a specific reason (205ms)
  ✓   4 [chromium] › tests/auth-direct-sso.spec.ts:57:3 › rejects member@madison.dev / google.com with a specific reason (204ms)
  ✓   5 [chromium] › tests/auth-direct-sso.spec.ts:57:3 › rejects member@madison.dev / password with a specific reason (203ms)
  ✓   6 [chromium] › tests/auth-direct-sso.spec.ts:57:3 › rejects member@madison.dev / custom with a specific reason (204ms)
  ✓   7 [chromium] › tests/auth-direct-sso.spec.ts:57:3 › rejects member@madison.dev.evil.com / microsoft.com with a specific reason (210ms)
  ✓   8 [chromium] › tests/auth-direct-sso.spec.ts:57:3 › rejects member@sub.madison.dev / microsoft.com with a specific reason (204ms)
  ✓   9 [chromium] › tests/auth-direct-sso.spec.ts:64:1 › legacy tab session migrates to persistent storage and sign-out reaches other tabs (572ms)
  ✓  10 [chromium] › tests/auth-direct-sso.spec.ts:81:1 › an open page signs out at the 24-hour limit without extending on token refresh (272ms)
  ✓  11 [chromium] › tests/auth-direct-sso.spec.ts:89:1 › saved login survives an actual browser process restart on the same profile (717ms)
  ✓  12 [chromium] › tests/auth-direct-sso.spec.ts:109:1 › a sleeping page checks expiry when brought back into focus (239ms)
  ✓  13 [chromium] › tests/pic.spec.ts:3:1 › assign an existing PIC, persist, filter the matrix, export and remove with history (1.7s)
  ✓  14 [chromium] › tests/pic.spec.ts:19:1 › search, assign-to-me and cancel use actual preview account IDs (758ms)
  ✓  15 [chromium] › tests/pic.spec.ts:26:38 › toolbar alignment and PIC dialog on desktop/mobile: en (2.0s)
  ✓  16 [chromium] › tests/pic.spec.ts:26:38 › toolbar alignment and PIC dialog on desktop/mobile: vi (2.0s)
  ✓  17 [chromium] › tests/pic.spec.ts:26:38 › toolbar alignment and PIC dialog on desktop/mobile: sv (2.0s)
  ✓  18 [chromium] › tests/review-pack.spec.ts:4:1 › requirement action opens an exact, single-requirement review pack (1.3s)
  ✓  19 [chromium] › tests/review-pack.spec.ts:5:1 › matrix pack downloads all 30 requirements, defaults to English and excludes estimates (1.2s)
  ✓  20 [chromium] › tests/review-pack.spec.ts:6:1 › module scope and item type selection update coverage without silent truncation (1.3s)
  ✓  21 [chromium] › tests/review-pack.spec.ts:7:1 › translations, creator notes, redaction and mobile layout work (822ms)
  ✓  22 [chromium] › tests/review-pack.spec.ts:8:1 › copy context succeeds without contacting a model or sharing service (688ms)
  ✓  23 [chromium] › tests/review-pack.spec.ts:9:1 › related context retains separate target and supporting scope (742ms)
  ✓  24 [chromium] › tests/workspace.spec.ts:7:1 › overview, all 30 matrix rows, filtering and CSV export (1.0s)
  ✓  25 [chromium] › tests/workspace.spec.ts:17:1 › Q&A create, translate, answer, edit, persist and delete (1.4s)
  ✓  26 [chromium] › tests/workspace.spec.ts:28:92 › breakdown supports nested create/edit/delete, preserving children (1.4s)
  ✓  27 [chromium] › tests/workspace.spec.ts:28:92 › assumption supports nested create/edit/delete, preserving children (1.2s)
  ✓  28 [chromium] › tests/workspace.spec.ts:35:1 › vendor response validates CU and persists the recorded estimate (725ms)
  ✓  29 [chromium] › tests/workspace.spec.ts:38:1 › mobile layout, system diagram, source notes and read-only production gate (848ms)

  29 passed (26.4s)
